Command line invocation:
    /Applications/Xcode.app/Contents/Developer/usr/bin/xcodebuild -project BitWallet.xcodeproj -scheme BitWallet -destination "generic/platform=iOS Simulator" build

2026-03-16 20:56:07.647 xcodebuild[96250:4463835] [MT] IDERunDestination: Supported platforms for the buildables in the current scheme is empty.
ComputePackagePrebuildTargetDependencyGraph

Prepare packages

CreateBuildRequest

SendProjectDescription

CreateBuildOperation

ComputeTargetDependencyGraph
note: Building targets in dependency order
note: Target dependency graph (1 target)
    Target 'BitWallet' in project 'BitWallet' (no dependencies)

GatherProvisioningInputs

CreateBuildDescription

ExecuteExternalTool /Applications/Xcode.app/Contents/Developer/Toolchains/XcodeDefault.xctoolchain/usr/bin/clang -v -E -dM -isysroot /Applications/Xcode.app/Contents/Developer/Platforms/iPhoneSimulator.platform/Developer/SDKs/iPhoneSimulator26.2.sdk -x c -c /dev/null

ExecuteExternalTool /Applications/Xcode.app/Contents/Developer/usr/bin/actool --print-asset-tag-combinations --output-format xml1 /Users/bradleywells/code/BitWallet/BitWallet/Resources/Assets.xcassets

ExecuteExternalTool /Applications/Xcode.app/Contents/Developer/usr/bin/actool --version --output-format xml1

ExecuteExternalTool /Applications/Xcode.app/Contents/Developer/Toolchains/XcodeDefault.xctoolchain/usr/bin/swiftc --version

ExecuteExternalTool /Applications/Xcode.app/Contents/Developer/Toolchains/XcodeDefault.xctoolchain/usr/bin/ld -version_details

Build description signature: 7accd42a50e72cab1e098cc29cf34093
Build description path: /Users/bradleywells/Library/Developer/Xcode/DerivedData/BitWallet-dlbtjpuqolqxhsfabydirvxvhwvq/Build/Intermediates.noindex/XCBuildData/7accd42a50e72cab1e098cc29cf34093.xcbuilddata
ClangStatCache /Applications/Xcode.app/Contents/Developer/Toolchains/XcodeDefault.xctoolchain/usr/bin/clang-stat-cache /Applications/Xcode.app/Contents/Developer/Platforms/iPhoneSimulator.platform/Developer/SDKs/iPhoneSimulator26.2.sdk /Users/bradleywells/Library/Developer/Xcode/DerivedData/SDKStatCaches.noindex/iphonesimulator26.2-23C57-7d00a8b37fbd7999ea79df8ebc024bf0.sdkstatcache
    cd /Users/bradleywells/code/BitWallet/BitWallet.xcodeproj
    /Applications/Xcode.app/Contents/Developer/Toolchains/XcodeDefault.xctoolchain/usr/bin/clang-stat-cache /Applications/Xcode.app/Contents/Developer/Platforms/iPhoneSimulator.platform/Developer/SDKs/iPhoneSimulator26.2.sdk -o /Users/bradleywells/Library/Developer/Xcode/DerivedData/SDKStatCaches.noindex/iphonesimulator26.2-23C57-7d00a8b37fbd7999ea79df8ebc024bf0.sdkstatcache

ProcessInfoPlistFile /Users/bradleywells/Library/Developer/Xcode/DerivedData/BitWallet-dlbtjpuqolqxhsfabydirvxvhwvq/Build/Products/Debug-iphonesimulator/BitWallet.app/Info.plist /Users/bradleywells/Library/Developer/Xcode/DerivedData/BitWallet-dlbtjpuqolqxhsfabydirvxvhwvq/Build/Intermediates.noindex/BitWallet.build/Debug-iphonesimulator/BitWallet.build/empty-BitWallet.plist (in target 'BitWallet' from project 'BitWallet')
    cd /Users/bradleywells/code/BitWallet
    builtin-infoPlistUtility /Users/bradleywells/Library/Developer/Xcode/DerivedData/BitWallet-dlbtjpuqolqxhsfabydirvxvhwvq/Build/Intermediates.noindex/BitWallet.build/Debug-iphonesimulator/BitWallet.build/empty-BitWallet.plist -producttype com.apple.product-type.application -genpkginfo /Users/bradleywells/Library/Developer/Xcode/DerivedData/BitWallet-dlbtjpuqolqxhsfabydirvxvhwvq/Build/Products/Debug-iphonesimulator/BitWallet.app/PkgInfo -expandbuildsettings -format binary -platform iphonesimulator -additionalcontentfile /Users/bradleywells/Library/Developer/Xcode/DerivedData/BitWallet-dlbtjpuqolqxhsfabydirvxvhwvq/Build/Intermediates.noindex/BitWallet.build/Debug-iphonesimulator/BitWallet.build/assetcatalog_generated_info.plist -o /Users/bradleywells/Library/Developer/Xcode/DerivedData/BitWallet-dlbtjpuqolqxhsfabydirvxvhwvq/Build/Products/Debug-iphonesimulator/BitWallet.app/Info.plist

CopySwiftLibs /Users/bradleywells/Library/Developer/Xcode/DerivedData/BitWallet-dlbtjpuqolqxhsfabydirvxvhwvq/Build/Products/Debug-iphonesimulator/BitWallet.app (in target 'BitWallet' from project 'BitWallet')
    cd /Users/bradleywells/code/BitWallet
    builtin-swiftStdLibTool --copy --verbose --sign - --scan-executable /Users/bradleywells/Library/Developer/Xcode/DerivedData/BitWallet-dlbtjpuqolqxhsfabydirvxvhwvq/Build/Products/Debug-iphonesimulator/BitWallet.app/BitWallet.debug.dylib --scan-folder /Users/bradleywells/Library/Developer/Xcode/DerivedData/BitWallet-dlbtjpuqolqxhsfabydirvxvhwvq/Build/Products/Debug-iphonesimulator/BitWallet.app/Frameworks --scan-folder /Users/bradleywells/Library/Developer/Xcode/DerivedData/BitWallet-dlbtjpuqolqxhsfabydirvxvhwvq/Build/Products/Debug-iphonesimulator/BitWallet.app/PlugIns --scan-folder /Users/bradleywells/Library/Developer/Xcode/DerivedData/BitWallet-dlbtjpuqolqxhsfabydirvxvhwvq/Build/Products/Debug-iphonesimulator/BitWallet.app/SystemExtensions --scan-folder /Users/bradleywells/Library/Developer/Xcode/DerivedData/BitWallet-dlbtjpuqolqxhsfabydirvxvhwvq/Build/Products/Debug-iphonesimulator/BitWallet.app/Extensions --platform iphonesimulator --toolchain /Applications/Xcode.app/Contents/Developer/Toolchains/XcodeDefault.xctoolchain --destination /Users/bradleywells/Library/Developer/Xcode/DerivedData/BitWallet-dlbtjpuqolqxhsfabydirvxvhwvq/Build/Products/Debug-iphonesimulator/BitWallet.app/Frameworks --strip-bitcode --strip-bitcode-tool /Applications/Xcode.app/Contents/Developer/Toolchains/XcodeDefault.xctoolchain/usr/bin/bitcode_strip --emit-dependency-info /Users/bradleywells/Library/Developer/Xcode/DerivedData/BitWallet-dlbtjpuqolqxhsfabydirvxvhwvq/Build/Intermediates.noindex/BitWallet.build/Debug-iphonesimulator/BitWallet.build/SwiftStdLibToolInputDependencies.dep --filter-for-swift-os --back-deploy-swift-span

** BUILD SUCCEEDED **

